// Jest Snapshot v1, https://goo.gl/fbAQLP

exports[`AddInput should take a snapshot of the input 1`] = `
<DocumentFragment>
  <div
    class="input-container"
  >
    <input
      class="input"
      placeholder="Add a new task here..."
      value=""
    />
    <button
      class="add-btn"
    >
      Add
    </button>
  </div>
</DocumentFragment>
`;
