// Jest Snapshot v1, https://goo.gl/fbAQLP

exports[`FollowersList should take a snapshot of the FollowersList 1`] = `
<DocumentFragment>
  <div
    class="followerslist-container"
  >
    <div />
    <div
      class="todo-footer"
    >
      <a
        href="/"
      >
        Go Back
      </a>
    </div>
  </div>
</DocumentFragment>
`;
